Archive member included because of file (symbol)

c:/program files/winavr/bin/../lib/gcc/avr/4.3.0/avr5\libgcc.a(_exit.o)
                              c:/program files/winavr/bin/../lib/gcc/avr/4.3.0/../../../../avr/lib/avr5/crtm32.o (exit)
c:/program files/winavr/bin/../lib/gcc/avr/4.3.0/avr5\libgcc.a(_copy_data.o)
                              SMS_Guard.o (__do_copy_data)
c:/program files/winavr/bin/../lib/gcc/avr/4.3.0/avr5\libgcc.a(_clear_bss.o)
                              SMS_Guard.o (__do_clear_bss)
c:/program files/winavr/bin/../lib/gcc/avr/4.3.0/../../../../avr/lib/avr5\libc.a(strcat.o)
                              sim900.o (strcat)
c:/program files/winavr/bin/../lib/gcc/avr/4.3.0/../../../../avr/lib/avr5\libc.a(strncat.o)
                              sim900.o (strncat)
c:/program files/winavr/bin/../lib/gcc/avr/4.3.0/../../../../avr/lib/avr5\libc.a(strncmp.o)
                              sim900.o (strncmp)

Allocating common symbols
Common symbol       size              file

buffer              0x1               sim900.o
cmd_buff            0x50              SMS_Guard.o

Memory Configuration

Name             Origin             Length             Attributes
text             0x00000000         0x00020000         xr
data             0x00800060         0x0000ffa0         rw !x
eeprom           0x00810000         0x00010000         rw !x
fuse             0x00820000         0x00000400         rw !x
lock             0x00830000         0x00000400         rw !x
signature        0x00840000         0x00000400         rw !x
*default*        0x00000000         0xffffffff

Linker script and memory map

LOAD c:/program files/winavr/bin/../lib/gcc/avr/4.3.0/../../../../avr/lib/avr5/crtm32.o
LOAD SMS_Guard.o
LOAD uart.o
LOAD sim900.o
LOAD c:/program files/winavr/bin/../lib/gcc/avr/4.3.0/avr5\libgcc.a
LOAD c:/program files/winavr/bin/../lib/gcc/avr/4.3.0/../../../../avr/lib/avr5\libc.a
LOAD c:/program files/winavr/bin/../lib/gcc/avr/4.3.0/avr5\libgcc.a

.hash
 *(.hash)

.dynsym
 *(.dynsym)

.dynstr
 *(.dynstr)

.gnu.version
 *(.gnu.version)

.gnu.version_d
 *(.gnu.version_d)

.gnu.version_r
 *(.gnu.version_r)

.rel.init
 *(.rel.init)

.rela.init
 *(.rela.init)

.rel.text
 *(.rel.text)
 *(.rel.text.*)
 *(.rel.gnu.linkonce.t*)

.rela.text
 *(.rela.text)
 *(.rela.text.*)
 *(.rela.gnu.linkonce.t*)

.rel.fini
 *(.rel.fini)

.rela.fini
 *(.rela.fini)

.rel.rodata
 *(.rel.rodata)
 *(.rel.rodata.*)
 *(.rel.gnu.linkonce.r*)

.rela.rodata
 *(.rela.rodata)
 *(.rela.rodata.*)
 *(.rela.gnu.linkonce.r*)

.rel.data
 *(.rel.data)
 *(.rel.data.*)
 *(.rel.gnu.linkonce.d*)

.rela.data
 *(.rela.data)
 *(.rela.data.*)
 *(.rela.gnu.linkonce.d*)

.rel.ctors
 *(.rel.ctors)

.rela.ctors
 *(.rela.ctors)

.rel.dtors
 *(.rel.dtors)

.rela.dtors
 *(.rela.dtors)

.rel.got
 *(.rel.got)

.rela.got
 *(.rela.got)

.rel.bss
 *(.rel.bss)

.rela.bss
 *(.rela.bss)

.rel.plt
 *(.rel.plt)

.rela.plt
 *(.rela.plt)

.text           0x00000000      0x4b4
 *(.vectors)
 .vectors       0x00000000       0x54 c:/program files/winavr/bin/../lib/gcc/avr/4.3.0/../../../../avr/lib/avr5/crtm32.o
                0x00000000                __vectors
                0x00000000                __vector_default
 *(.vectors)
 *(.progmem.gcc*)
 *(.progmem*)
                0x00000054                . = ALIGN (0x2)
                0x00000054                __trampolines_start = .
 *(.trampolines)
 .trampolines   0x00000054        0x0 linker stubs
 *(.trampolines*)
                0x00000054                __trampolines_end = .
 *(.jumptables)
 *(.jumptables*)
 *(.lowtext)
 *(.lowtext*)
                0x00000054                __ctors_start = .
 *(.ctors)
                0x00000054                __ctors_end = .
                0x00000054                __dtors_start = .
 *(.dtors)
                0x00000054                __dtors_end = .
 SORT(*)(.ctors)
 SORT(*)(.dtors)
 *(.init0)
 .init0         0x00000054        0x0 c:/program files/winavr/bin/../lib/gcc/avr/4.3.0/../../../../avr/lib/avr5/crtm32.o
                0x00000054                __init
 *(.init0)
 *(.init1)
 *(.init1)
 *(.init2)
 .init2         0x00000054        0xc c:/program files/winavr/bin/../lib/gcc/avr/4.3.0/../../../../avr/lib/avr5/crtm32.o
 *(.init2)
 *(.init3)
 *(.init3)
 *(.init4)
 .init4         0x00000060       0x16 c:/program files/winavr/bin/../lib/gcc/avr/4.3.0/avr5\libgcc.a(_copy_data.o)
                0x00000060                __do_copy_data
 .init4         0x00000076       0x10 c:/program files/winavr/bin/../lib/gcc/avr/4.3.0/avr5\libgcc.a(_clear_bss.o)
                0x00000076                __do_clear_bss
 *(.init4)
 *(.init5)
 *(.init5)
 *(.init6)
 *(.init6)
 *(.init7)
 *(.init7)
 *(.init8)
 *(.init8)
 *(.init9)
 .init9         0x00000086        0x8 c:/program files/winavr/bin/../lib/gcc/avr/4.3.0/../../../../avr/lib/avr5/crtm32.o
 *(.init9)
 *(.text)
 .text          0x0000008e        0x4 c:/program files/winavr/bin/../lib/gcc/avr/4.3.0/../../../../avr/lib/avr5/crtm32.o
                0x0000008e                __vector_1
                0x0000008e                __vector_12
                0x0000008e                __bad_interrupt
                0x0000008e                __vector_6
                0x0000008e                __vector_3
                0x0000008e                __vector_11
                0x0000008e                __vector_17
                0x0000008e                __vector_19
                0x0000008e                __vector_7
                0x0000008e                __vector_5
                0x0000008e                __vector_4
                0x0000008e                __vector_9
                0x0000008e                __vector_2
                0x0000008e                __vector_15
                0x0000008e                __vector_8
                0x0000008e                __vector_10
                0x0000008e                __vector_16
                0x0000008e                __vector_18
                0x0000008e                __vector_20
 .text          0x00000092       0x66 SMS_Guard.o
                0x00000092                init
                0x000000e6                main
 .text          0x000000f8      0x186 uart.o
                0x0000021e                uart_puts
                0x0000024c                uart_puts_p
                0x000000f8                __vector_13
                0x00000196                uart_init
                0x000001c0                uart_getc
                0x000001fa                uart_putc
                0x0000014c                __vector_14
 .text          0x0000027e      0x1e0 sim900.o
                0x000002aa                getCommByte
                0x0000027e                simPowerOn
                0x000003e4                waitForReg
                0x000002ac                sendCRLF
                0x000002da                getAnswer
                0x000002ba                simSetPhone
                0x000003c0                simSetTextInput
                0x00000420                simCommInit
                0x00000374                searchContact
                0x0000034a                simSendMessage
 .text          0x0000045e        0x0 c:/program files/winavr/bin/../lib/gcc/avr/4.3.0/avr5\libgcc.a(_exit.o)
 .text          0x0000045e        0x0 c:/program files/winavr/bin/../lib/gcc/avr/4.3.0/avr5\libgcc.a(_copy_data.o)
 .text          0x0000045e        0x0 c:/program files/winavr/bin/../lib/gcc/avr/4.3.0/avr5\libgcc.a(_clear_bss.o)
 .text          0x0000045e       0x16 c:/program files/winavr/bin/../lib/gcc/avr/4.3.0/../../../../avr/lib/avr5\libc.a(strcat.o)
                0x0000045e                strcat
 .text          0x00000474       0x20 c:/program files/winavr/bin/../lib/gcc/avr/4.3.0/../../../../avr/lib/avr5\libc.a(strncat.o)
                0x00000474                strncat
 .text          0x00000494       0x1c c:/program files/winavr/bin/../lib/gcc/avr/4.3.0/../../../../avr/lib/avr5\libc.a(strncmp.o)
                0x00000494                strncmp
                0x000004b0                . = ALIGN (0x2)
 *(.text.*)
 .text.libgcc   0x000004b0        0x0 c:/program files/winavr/bin/../lib/gcc/avr/4.3.0/avr5\libgcc.a(_exit.o)
 .text.libgcc   0x000004b0        0x0 c:/program files/winavr/bin/../lib/gcc/avr/4.3.0/avr5\libgcc.a(_copy_data.o)
 .text.libgcc   0x000004b0        0x0 c:/program files/winavr/bin/../lib/gcc/avr/4.3.0/avr5\libgcc.a(_clear_bss.o)
                0x000004b0                . = ALIGN (0x2)
 *(.fini9)
 .fini9         0x000004b0        0x0 c:/program files/winavr/bin/../lib/gcc/avr/4.3.0/avr5\libgcc.a(_exit.o)
                0x000004b0                exit
                0x000004b0                _exit
 *(.fini9)
 *(.fini8)
 *(.fini8)
 *(.fini7)
 *(.fini7)
 *(.fini6)
 *(.fini6)
 *(.fini5)
 *(.fini5)
 *(.fini4)
 *(.fini4)
 *(.fini3)
 *(.fini3)
 *(.fini2)
 *(.fini2)
 *(.fini1)
 *(.fini1)
 *(.fini0)
 .fini0         0x000004b0        0x4 c:/program files/winavr/bin/../lib/gcc/avr/4.3.0/avr5\libgcc.a(_exit.o)
 *(.fini0)
                0x000004b4                _etext = .

.data           0x00800060       0x76 load address 0x000004b4
                0x00800060                PROVIDE (__data_start, .)
 *(.data)
 .data          0x00800060        0x0 c:/program files/winavr/bin/../lib/gcc/avr/4.3.0/../../../../avr/lib/avr5/crtm32.o
 .data          0x00800060        0x0 SMS_Guard.o
 .data          0x00800060        0x0 uart.o
 .data          0x00800060       0x76 sim900.o
                0x008000ce                messageSendResp
                0x008000c3                outNetResp
                0x008000af                successResp
                0x008000b8                inNetResp
                0x008000b2                failResp
 .data          0x008000d6        0x0 c:/program files/winavr/bin/../lib/gcc/avr/4.3.0/avr5\libgcc.a(_exit.o)
 .data          0x008000d6        0x0 c:/program files/winavr/bin/../lib/gcc/avr/4.3.0/avr5\libgcc.a(_copy_data.o)
 .data          0x008000d6        0x0 c:/program files/winavr/bin/../lib/gcc/avr/4.3.0/avr5\libgcc.a(_clear_bss.o)
 .data          0x008000d6        0x0 c:/program files/winavr/bin/../lib/gcc/avr/4.3.0/../../../../avr/lib/avr5\libc.a(strcat.o)
 .data          0x008000d6        0x0 c:/program files/winavr/bin/../lib/gcc/avr/4.3.0/../../../../avr/lib/avr5\libc.a(strncat.o)
 .data          0x008000d6        0x0 c:/program files/winavr/bin/../lib/gcc/avr/4.3.0/../../../../avr/lib/avr5\libc.a(strncmp.o)
 *(.data*)
 *(.rodata)
 *(.rodata*)
 *(.gnu.linkonce.d*)
                0x008000d6                . = ALIGN (0x2)
                0x008000d6                _edata = .
                0x008000d6                PROVIDE (__data_end, .)

.bss            0x008000d6       0x96 load address 0x0000052a
                0x008000d6                PROVIDE (__bss_start, .)
 *(.bss)
 .bss           0x008000d6        0x0 c:/program files/winavr/bin/../lib/gcc/avr/4.3.0/../../../../avr/lib/avr5/crtm32.o
 .bss           0x008000d6        0x0 SMS_Guard.o
 .bss           0x008000d6       0x45 uart.o
 .bss           0x0080011b        0x0 sim900.o
 .bss           0x0080011b        0x0 c:/program files/winavr/bin/../lib/gcc/avr/4.3.0/avr5\libgcc.a(_exit.o)
 .bss           0x0080011b        0x0 c:/program files/winavr/bin/../lib/gcc/avr/4.3.0/avr5\libgcc.a(_copy_data.o)
 .bss           0x0080011b        0x0 c:/program files/winavr/bin/../lib/gcc/avr/4.3.0/avr5\libgcc.a(_clear_bss.o)
 .bss           0x0080011b        0x0 c:/program files/winavr/bin/../lib/gcc/avr/4.3.0/../../../../avr/lib/avr5\libc.a(strcat.o)
 .bss           0x0080011b        0x0 c:/program files/winavr/bin/../lib/gcc/avr/4.3.0/../../../../avr/lib/avr5\libc.a(strncat.o)
 .bss           0x0080011b        0x0 c:/program files/winavr/bin/../lib/gcc/avr/4.3.0/../../../../avr/lib/avr5\libc.a(strncmp.o)
 *(.bss*)
 *(COMMON)
 COMMON         0x0080011b       0x50 SMS_Guard.o
                0x0080011b                cmd_buff
 COMMON         0x0080016b        0x1 sim900.o
                0x0080016b                buffer
                0x0080016c                PROVIDE (__bss_end, .)
                0x000004b4                __data_load_start = LOADADDR (.data)
                0x0000052a                __data_load_end = (__data_load_start + SIZEOF (.data))

.noinit         0x0080016c        0x0
                0x0080016c                PROVIDE (__noinit_start, .)
 *(.noinit*)
                0x0080016c                PROVIDE (__noinit_end, .)
                0x0080016c                _end = .
                0x0080016c                PROVIDE (__heap_start, .)

.eeprom         0x00810000        0x0
 *(.eeprom*)
                0x00810000                __eeprom_end = .

.fuse
 *(.fuse)
 *(.lfuse)
 *(.hfuse)
 *(.efuse)

.lock
 *(.lock*)

.signature
 *(.signature*)

.stab
 *(.stab)

.stabstr
 *(.stabstr)

.stab.excl
 *(.stab.excl)

.stab.exclstr
 *(.stab.exclstr)

.stab.index
 *(.stab.index)

.stab.indexstr
 *(.stab.indexstr)

.comment
 *(.comment)

.debug
 *(.debug)

.line
 *(.line)

.debug_srcinfo
 *(.debug_srcinfo)

.debug_sfnames
 *(.debug_sfnames)

.debug_aranges  0x00000000       0x60
 *(.debug_aranges)
 .debug_aranges
                0x00000000       0x20 SMS_Guard.o
 .debug_aranges
                0x00000020       0x20 uart.o
 .debug_aranges
                0x00000040       0x20 sim900.o

.debug_pubnames
                0x00000000      0x1b8
 *(.debug_pubnames)
 .debug_pubnames
                0x00000000       0x31 SMS_Guard.o
 .debug_pubnames
                0x00000031       0x7a uart.o
 .debug_pubnames
                0x000000ab      0x10d sim900.o

.debug_info     0x00000000      0xb15
 *(.debug_info)
 .debug_info    0x00000000      0x243 SMS_Guard.o
 .debug_info    0x00000243      0x322 uart.o
 .debug_info    0x00000565      0x5b0 sim900.o
 *(.gnu.linkonce.wi.*)

.debug_abbrev   0x00000000      0x4a3
 *(.debug_abbrev)
 .debug_abbrev  0x00000000      0x11a SMS_Guard.o
 .debug_abbrev  0x0000011a      0x1a9 uart.o
 .debug_abbrev  0x000002c3      0x1e0 sim900.o

.debug_line     0x00000000      0x869
 *(.debug_line)
 .debug_line    0x00000000      0x1bb SMS_Guard.o
 .debug_line    0x000001bb      0x27d uart.o
 .debug_line    0x00000438      0x431 sim900.o

.debug_frame    0x00000000      0x160
 *(.debug_frame)
 .debug_frame   0x00000000       0x30 SMS_Guard.o
 .debug_frame   0x00000030       0x80 uart.o
 .debug_frame   0x000000b0       0xb0 sim900.o

.debug_str      0x00000000      0x297
 *(.debug_str)
 .debug_str     0x00000000       0xbb SMS_Guard.o
                                 0xf9 (size before relaxing)
 .debug_str     0x000000bb       0xfb uart.o
                                0x198 (size before relaxing)
 .debug_str     0x000001b6       0xe1 sim900.o
                                0x1c6 (size before relaxing)

.debug_loc      0x00000000      0x3ec
 *(.debug_loc)
 .debug_loc     0x00000000       0x90 SMS_Guard.o
 .debug_loc     0x00000090      0x146 uart.o
 .debug_loc     0x000001d6      0x216 sim900.o

.debug_macinfo
 *(.debug_macinfo)
OUTPUT(SMS_Guard.elf elf32-avr)
LOAD linker stubs

.debug_ranges   0x00000000       0x90
 .debug_ranges  0x00000000       0x30 uart.o
 .debug_ranges  0x00000030       0x60 sim900.o
